## host: jan uid=1000
bwrap: -rwxr-xr-x 1 root root 72160 Sep 17 22:12 /usr/bin/bwrap
bwrap --version: bubblewrap 0.9.0
apparmor_restrict_unprivileged_userns=1
unprivileged_userns_clone=1
max_user_namespaces=77380
apparmor profile files for bwrap:
-rw-r--r-- 1 root root    96 Mär 15  2026 usr.bin.bwrap-userns
aa-status (unprivileged may fail):
## cmd: bwrap --ro-bind / / --tmpfs /tmp --unshare-all --die-with-parent -- /bin/true
exit=0
## cmd with echo inside:
inside-ok uid=1000
      1000       1000          1
exit=0
## host: unshare -Ur /bin/true (plain unprivileged userns, no AppArmor bwrap profile)
unshare: write failed /proc/self/uid_map: Operation not permitted
exit=1
## host: unshare -Urm /bin/true
unshare: write failed /proc/self/uid_map: Operation not permitted
exit=1
