Current branch: HEAD
Using cache from origin: (some leanprover-community/mathlib4)
No files to download
Already decompressed 8943 file(s)
	Command being timed: "lake exe cache get"
	User time (seconds): 4.12
	System time (seconds): 3.07
	Percent of CPU this job got: 87%
	Elapsed (wall clock) time (h:mm:ss or m:ss): 0:08.26
	Average shared text size (kbytes): 0
	Average unshared data size (kbytes): 0
	Average stack size (kbytes): 0
	Average total size (kbytes): 0
	Maximum resident set size (kbytes): 844088
	Average resident set size (kbytes): 0
	Major (requiring I/O) page faults: 171
	Minor (reclaiming a frame) page faults: 53430
	Voluntary context switches: 2359
	Involuntary context switches: 148
	Swaps: 0
	File system inputs: 73816
	File system outputs: 8
	Socket messages sent: 0
	Socket messages received: 0
	Signals delivered: 0
	Page size (bytes): 4096
	Exit status: 0
