## 2026-10-03T20:58:01+02:00
## docker run ... --privileged --mount type=tmpfs,dst=/run,tmpfs-mode=1777,tmpfs-size=16m lax-spike-bwrap:v2 lake comparator --config comparator.json
Resolving dependencies
Building Challenge
⚠ [537/538] Replayed Challenge
warning: Challenge.lean:10:8: declaration uses `sorry`
warning: Challenge.lean:12:8: declaration uses `sorry`
Build completed successfully (538 jobs).
Exporting #[Quot, Quot.mk, Quot.lift, Quot.ind, Cert.pa, Cert.pf, propext, Quot.sound, Classical.choice, Nat.add, Nat.sub, Nat.mul, Nat.pow, Nat.gcd, Nat.div, Nat.mod, Nat.beq, Nat.ble, Nat.land, Nat.lor, Nat.xor, Nat.shiftLeft, Nat.shiftRight, String.ofList, Char.ofNat, List, eagerReduce, Nat, String, String.mk, Char, optParam, autoParam, semiOutParam, outParam] from Challenge
Building Solution
Build completed successfully (629 jobs).
Exporting #[Quot, Quot.mk, Quot.lift, Quot.ind, Cert.pa, Cert.pf, propext, Quot.sound, Classical.choice, Nat.add, Nat.sub, Nat.mul, Nat.pow, Nat.gcd, Nat.div, Nat.mod, Nat.beq, Nat.ble, Nat.land, Nat.lor, Nat.xor, Nat.shiftLeft, Nat.shiftRight, String.ofList, Char.ofNat, List, eagerReduce, Nat, String, String.mk, Char, optParam, autoParam, semiOutParam, outParam] from Solution
Running Lean default kernel on solution
Lean default kernel accepts the solution
Your solution is okay!
comparator exit=0
	Command being timed: "docker run --rm --read-only --cap-drop=ALL --security-opt=no-new-privileges --user 1000:1000 --tmpfs=/tmp:rw,nosuid,nodev,size=1073741824 --network=none --memory=8g --memory-swap=8g --cpus=4 --pids-limit=512 --mount type=bind,src=/home/jan/.elan/toolchains/leanprover--lean4---v4.35.0-rc3,dst=/home/jan/.elan/toolchains/leanprover--lean4---v4.35.0-rc3,readonly --mount type=bind,src=/home/jan/git/lax/spike/axiomfree/project,dst=/home/jan/git/lax/spike/axiomfree/project -e HOME=/tmp/home -e PATH=/home/jan/.elan/toolchains/leanprover--lean4---v4.35.0-rc3/bin:/usr/local/bin:/usr/bin:/bin --workdir /home/jan/git/lax/spike/axiomfree/project --privileged --mount type=tmpfs,dst=/run,tmpfs-mode=1777,tmpfs-size=16m lax-spike-bwrap:v2 sh -c mkdir -p /tmp/home /run/user && lake comparator --config comparator.json; echo "comparator exit=$?""
	User time (seconds): 0.01
	System time (seconds): 0.01
	Percent of CPU this job got: 0%
	Elapsed (wall clock) time (h:mm:ss or m:ss): 0:09.42
	Average shared text size (kbytes): 0
	Average unshared data size (kbytes): 0
	Average stack size (kbytes): 0
	Average total size (kbytes): 0
	Maximum resident set size (kbytes): 28032
	Average resident set size (kbytes): 0
	Major (requiring I/O) page faults: 0
	Minor (reclaiming a frame) page faults: 2678
	Voluntary context switches: 631
	Involuntary context switches: 6
	Swaps: 0
	File system inputs: 256
	File system outputs: 8
	Socket messages sent: 0
	Socket messages received: 0
	Signals delivered: 0
	Page size (bytes): 4096
	Exit status: 0
## docker exit=0
