info: Version 4.2.4 of elan is available! Use `elan self update` to update.
info: downloading https://releases.lean-lang.org/lean4/v4.35.0-rc3/lean-4.35.0-rc3-linux.tar.zst
info: installing /home/jan/.elan/toolchains/leanprover--lean4---v4.35.0-rc3

leanprover/lean4:v4.35.0-rc3 installed - Lean (version 4.35.0-rc3, x86_64-unknown-linux-gnu, commit 470d5ce1400764999581fd26d5d72b00d990b0f4, Release)

	Command being timed: "/home/jan/.elan/bin/elan toolchain install leanprover/lean4:v4.35.0-rc3"
	User time (seconds): 8.31
	System time (seconds): 5.67
	Percent of CPU this job got: 26%
	Elapsed (wall clock) time (h:mm:ss or m:ss): 0:53.10
	Average shared text size (kbytes): 0
	Average unshared data size (kbytes): 0
	Average stack size (kbytes): 0
	Average total size (kbytes): 0
	Maximum resident set size (kbytes): 84224
	Average resident set size (kbytes): 0
	Major (requiring I/O) page faults: 19
	Minor (reclaiming a frame) page faults: 13054
	Voluntary context switches: 66523
	Involuntary context switches: 901
	Swaps: 0
	File system inputs: 4184
	File system outputs: 7392416
	Socket messages sent: 0
	Socket messages received: 0
	Signals delivered: 0
	Page size (bytes): 4096
	Exit status: 0
exit=0
