✔ [626/629] Built Concepts (1.1s)
⚠ [628/629] Built Proofs (1.2s)
warning: Proofs.lean:22:2: `push_neg` has been deprecated. Prefer using `push Not` instead.
If you'd rather continue using `push_neg` in your project, you can implement it as follows:
```
open Lean.Parser.Tactic in
macro "push_neg" cfg:optConfig loc:(location)? : tactic =>
  `(tactic| push $cfg:optConfig Not $[$loc]?)
```
Build completed successfully (629 jobs).
	Command being timed: "lake build"
	User time (seconds): 2.20
	System time (seconds): 1.72
	Percent of CPU this job got: 109%
	Elapsed (wall clock) time (h:mm:ss or m:ss): 0:03.60
	Average shared text size (kbytes): 0
	Average unshared data size (kbytes): 0
	Average stack size (kbytes): 0
	Average total size (kbytes): 0
	Maximum resident set size (kbytes): 853704
	Average resident set size (kbytes): 0
	Major (requiring I/O) page faults: 24
	Minor (reclaiming a frame) page faults: 130938
	Voluntary context switches: 6266
	Involuntary context switches: 539
	Swaps: 0
	File system inputs: 4144
	File system outputs: 1520
	Socket messages sent: 0
	Socket messages received: 0
	Signals delivered: 0
	Page size (bytes): 4096
	Exit status: 0
