## /home/jan/.elan/toolchains/leanprover--lean4---v4.35.0-rc3/bin/lake --help | grep -n -i -E 'comparator|check'
12:  check-build           check if any default build targets are configured
14:  check-test            check if there is a properly configured test driver
16:  check-lint            check if there is a properly configured lint driver
19:  comparator            judge a solution against a challenge
20:  check                 check this project against external checker(s)

## lake comparator --help
Judge a solution against a challenge

USAGE:
  lake comparator [--config <FILE>] [--challenge-from-export <FILE>]
                  [--solution-from-export <FILE>] [--paranoid]
                  [--inadvisably-no-sandbox]

Establishes that every named theorem in the solution proves the same statement
as the challenge, uses no axiom outside the permitted list, and is accepted by
the kernel.

The project is untrusted input: its configuration is evaluated, and its code
built and exported, inside a `bwrap` sandbox, and none of its `.olean` files
is ever loaded into Lake's own address space. `bubblewrap` is required, and
needs either unprivileged user namespaces or to be installed setuid root.

The project has to carry a `lake-manifest.json`, because dependencies are
resolved inside the sandbox and it cannot write to the project directory.
Building the project once, before distributing it, is enough to write one.

OPTIONS:
  --config=<file>            JSON file describing the challenge (see below)
                             (default: `comparator.json` in the current
                             directory)
  --challenge-from-export=<file>
                             judge this export as the challenge, instead of
                             building and exporting `challenge_module`
  --solution-from-export=<file>
                             judge this export as the solution, instead of
                             building and exporting `solution_module`
  --paranoid                 also run all external checkers bundled with Lean
                             besides Lean's own kernel: `leanchecker-paranoid`,
                             `lean4lean`, `nanoda`, `con-leche` and `con-ron`
  --inadvisably-no-sandbox   disable the built-in sandbox. This can compromise
                             the result fully and is only advised for expert
                             users.

CONFIGURATION:
  The challenge author writes the file and distributes it with the project, so
  that a solver need only point `lake comparator` at it:

  {
    "challenge_module": "Challenge",
    "solution_module": "Solution",
    "theorem_names": ["imo2024_p1"],
    "definition_names": [],
    "permitted_axioms": ["propext", "Quot.sound", "Classical.choice"],
    "external_kernels": {"nanoda": ["nanoda_bin"]}
  }

  `challenge_module`, `solution_module`, `theorem_names` and
  `permitted_axioms` are required; the rest may be omitted.
  `definition_names` lists the challenge's definition holes.
  `permitted_axioms` is deliberately not defaulted: it is what the verdict
  means, so the challenge author states it. The three above are the ones
  `#print axioms` treats as a clean proof.

  `external_kernels` names additional checkers to run over the export, each as
  the command to execute; the solution must satisfy every one of them as well
  as Lean's own kernel. `enable_nanoda: true` is still accepted and is
  equivalent to a "nanoda" entry of ["nanoda_bin"]; name the command in
  `external_kernels` instead to run it from elsewhere.

EXIT CODES:
  0                     accepted
  1                     rejected: statement mismatch, forbidden axiom, kernel
                        rejection, or a build that did not succeed
  2                     could not start: `bwrap` or the manifest is missing,
                        or the configuration is missing, unreadable or
                        malformed

EXPORTS:
  The `--*-from-export` options take an NDJSON export as generated by
  `leanexport` instead of building and exporting either the challenge or the
  solution. Note that this option does not check that the provided export
  matches the challenge or solution in the project this command is being run
  in. This is useful for several scenarios:
  - Using export files built in virtual machines for extra isolation.
  - Using export files built by third parties, e.g. because they require
    extensive computational resources to generate.
  - Using export files generated through means other than a standard
    `lake build`.

ENVIRONMENT:
  COMPARATOR_BWRAP      sandbox executable (default: `bwrap` on PATH)

  The exporter is always the `leanexport` of this toolchain, and deliberately
  not configurable: the export format has to match the compiler that produced
  the `.olean` files being exported.

HARDENING:
  `comparator` uses `bwrap` for sandboxing. `/` is bound read-only and the home directories are then
  covered, so the code being judged builds against the system it expects and reads none of the
  invoking user's files. Only `.lake` is writable. Only dependency resolution has a network, because
  it has to fetch git dependencies; the build, the export and any external kernels run in an empty
  network namespace.
exit=0

## lake check --help
Check this project against external checker(s)

USAGE:
  lake check [--from-export <FILE>] [--paranoid] [--inadvisably-no-sandbox]

Builds the default build targets, exports them, and replays the result through
the kernel, erroring on any use of non-standard axioms.

The project is untrusted input: its configuration is evaluated, and its code
built and exported, inside a `bwrap` sandbox, and none of its `.olean` files
is ever loaded into Lake's own address space. `bubblewrap` is required, and
needs either unprivileged user namespaces or to be installed setuid root.

The project has to carry a `lake-manifest.json`, because dependencies are
resolved inside the sandbox and it cannot write to the project directory.
Building the project once is enough to write one.

OPTIONS:
  --from-export=<file>       check this export, instead of building and
                             exporting the project (see below)
  --paranoid                 also run all external checkers bundled with Lean
                             besides Lean's own kernel: `leanchecker-paranoid`,
                             `lean4lean`, `nanoda`, `con-leche` and `con-ron`
  --inadvisably-no-sandbox   disable the built-in sandbox. This can compromise
                             the result fully and is only advised for expert
                             users.

EXPORTS:
  The `--from-export` option takes an NDJSON export as generated by
  `leanexport` instead of building and exporting the entire project. Note that
  using this option only establishes that the export file is accepted and
  nothing about the project this command is being run in. This is useful for
  several scenarios:
  - Using export files built in virtual machines for extra isolation.
  - Using export files built by third parties, e.g. because they require
    extensive computational resources to generate.
  - Using export files generated through means other than a standard
    `lake build`.

EXIT CODES:
  0                     every selected checker accepts the project and it uses
                        only the permitted axioms
  1                     a checker rejects it, an axiom is not permitted, or a
                        build did not succeed
  2                     could not start: `bwrap` is missing, the project has
                        no `lake-manifest.json`, or it has no default targets

ENVIRONMENT:
  COMPARATOR_BWRAP      sandbox executable (default: `bwrap` on PATH)

  The exporter is always the `leanexport` of this toolchain, and deliberately
  not configurable: the export format has to match the compiler that produced
  the `.olean` files being exported.

HARDENING:
  The sandbox bounds writes and the network exactly as `lake comparator`'s
  does, and its limits apply here too. See the HARDENING section of
  `lake help comparator`.

See `lake help comparator` to judge a solution against a challenge instead.
exit=0

## lake --version
Lake version 5.0.0-src+470d5ce (Lean version 4.35.0-rc3)
Lean (version 4.35.0-rc3, x86_64-unknown-linux-gnu, commit 470d5ce1400764999581fd26d5d72b00d990b0f4, Release)
