✔ [626/629] Built Concepts (2.6s)
✖ [628/629] Building Proofs (1.2s)
trace: .> LEAN_PATH=/home/jan/git/lax/spike/axiomfree/project/.lake/packages/Cli/.lake/build/lib/lean:/home/jan/git/lax/spike/axiomfree/project/.lake/packages/batteries/.lake/build/lib/lean:/home/jan/git/lax/spike/axiomfree/project/.lake/packages/Qq/.lake/build/lib/lean:/home/jan/git/lax/spike/axiomfree/project/.lake/packages/aesop/.lake/build/lib/lean:/home/jan/git/lax/spike/axiomfree/project/.lake/packages/proofwidgets/.lake/build/lib/lean:/home/jan/git/lax/spike/axiomfree/project/.lake/packages/importGraph/.lake/build/lib/lean:/home/jan/git/lax/spike/axiomfree/project/.lake/packages/LeanSearchClient/.lake/build/lib/lean:/home/jan/git/lax/spike/axiomfree/project/.lake/packages/plausible/.lake/build/lib/lean:/home/jan/git/lax/spike/axiomfree/project/.lake/packages/mathlib/.lake/build/lib/lean:/home/jan/git/lax/spike/axiomfree/project/.lake/build/lib/lean /home/jan/.elan/toolchains/leanprover--lean4---v4.35.0-rc3/bin/lean /home/jan/git/lax/spike/axiomfree/project/Proofs.lean -o /home/jan/git/lax/spike/axiomfree/project/.lake/build/lib/lean/Proofs.olean -i /home/jan/git/lax/spike/axiomfree/project/.lake/build/lib/lean/Proofs.ilean -c /home/jan/git/lax/spike/axiomfree/project/.lake/build/ir/Proofs.c --setup /home/jan/git/lax/spike/axiomfree/project/.lake/build/ir/Proofs.setup.json --json
warning: Proofs.lean:22:2: `push_neg` has been deprecated. Prefer using `push Not` instead.
If you'd rather continue using `push_neg` in your project, you can implement it as follows:
```
open Lean.Parser.Tactic in
macro "push_neg" cfg:optConfig loc:(location)? : tactic =>
  `(tactic| push $cfg:optConfig Not $[$loc]?)
```
error: Proofs.lean:27:44: Type mismatch
  fun n hn => Nat.exists_prime_and_dvd ?m.4
has type
  ∀ (n : ?m.1) (hn : ?m.5 n), ∃ p, Nat.Prime p ∧ p ∣ ?m.6 n hn
but is expected to have type
  Concepts.ExistsPrimeDivisor

Note: The following definitions were not unfolded because their definition is not exposed:
  Concepts.ExistsPrimeDivisor ↦ 1
error: Proofs.lean:30:80: Type mismatch
  fun n => ?m.3
has type
  (n : ?m.1) → ?m.4 n
but is expected to have type
  Concepts.InfinitelyManyPrimes

Note: The following definitions were not unfolded because their definition is not exposed:
  Concepts.InfinitelyManyPrimes ↦ 1
error: Proofs.lean:31:24: Function expected at
  h
but this term has type
  Concepts.ExistsPrimeDivisor

Note: Expected a function because this term is being applied to the argument
  (n.factorial + 1)
error: Proofs.lean:31:9: Tactic `rcases` failed: `x✝ : ?m.8` is not an inductive datatype
Some required targets logged failures:
- Proofs
error: build failed
Command exited with non-zero status 1
	Command being timed: "lake build"
	User time (seconds): 2.28
	System time (seconds): 1.95
	Percent of CPU this job got: 81%
	Elapsed (wall clock) time (h:mm:ss or m:ss): 0:05.21
	Average shared text size (kbytes): 0
	Average unshared data size (kbytes): 0
	Average stack size (kbytes): 0
	Average total size (kbytes): 0
	Maximum resident set size (kbytes): 850948
	Average resident set size (kbytes): 0
	Major (requiring I/O) page faults: 1908
	Minor (reclaiming a frame) page faults: 129483
	Voluntary context switches: 12331
	Involuntary context switches: 518
	Swaps: 0
	File system inputs: 422928
	File system outputs: 1336
	Socket messages sent: 0
	Socket messages received: 0
	Signals delivered: 0
	Page size (bytes): 4096
	Exit status: 1
