## 2026-10-03T20:37:32+02:00 cwd=/home/jan/git/lax/spike/axiomfree/project
## cmd: lake build ModTest.UseModule
## df before: /dev/sda1       450G  419G  7,5G  99% /
[    2.49s] ✖ [537/537] Building ModTest.UseModule (1.1s)
[    2.49s] trace: .> LEAN_PATH=/home/jan/git/lax/spike/axiomfree/project/.lake/packages/Cli/.lake/build/lib/lean:/home/jan/git/lax/spike/axiomfree/project/.lake/packages/batteries/.lake/build/lib/lean:/home/jan/git/lax/spike/axiomfree/project/.lake/packages/Qq/.lake/build/lib/lean:/home/jan/git/lax/spike/axiomfree/project/.lake/packages/aesop/.lake/build/lib/lean:/home/jan/git/lax/spike/axiomfree/project/.lake/packages/proofwidgets/.lake/build/lib/lean:/home/jan/git/lax/spike/axiomfree/project/.lake/packages/importGraph/.lake/build/lib/lean:/home/jan/git/lax/spike/axiomfree/project/.lake/packages/LeanSearchClient/.lake/build/lib/lean:/home/jan/git/lax/spike/axiomfree/project/.lake/packages/plausible/.lake/build/lib/lean:/home/jan/git/lax/spike/axiomfree/project/.lake/packages/mathlib/.lake/build/lib/lean:/home/jan/git/lax/spike/axiomfree/project/.lake/build/lib/lean /home/jan/.elan/toolchains/leanprover--lean4---v4.35.0-rc3/bin/lean /home/jan/git/lax/spike/axiomfree/project/ModTest/UseModule.lean -o /home/jan/git/lax/spike/axiomfree/project/.lake/build/lib/lean/ModTest/UseModule.olean -i /home/jan/git/lax/spike/axiomfree/project/.lake/build/lib/lean/ModTest/UseModule.ilean -c /home/jan/git/lax/spike/axiomfree/project/.lake/build/ir/ModTest/UseModule.c --setup /home/jan/git/lax/spike/axiomfree/project/.lake/build/ir/ModTest/UseModule.setup.json --json
[    2.49s] error: ModTest/UseModule.lean:8:23: Unknown identifier `ModTest.hiddenDef`
[    2.49s] error: ModTest/UseModule.lean:11:41: Unknown identifier `ModTest.hiddenThm`
[    2.49s] error: ModTest/UseModule.lean:19:46: Type mismatch
[    2.49s]   fun x => rfl
[    2.49s] has type
[    2.49s]   ∀ (x : ?m.1), ?m.5 x = ?m.5 x
[    2.49s] but is expected to have type
[    2.49s]   ModTest.notExposed
[    2.49s] 
[    2.49s] Note: The following definitions were not unfolded because their definition is not exposed:
[    2.49s]   ModTest.notExposed ↦ 1
[    2.49s] Some required targets logged failures:
[    2.49s] - ModTest.UseModule
[    2.49s] error: build failed
## exit=1 wall=2.59s
##  Elapsed (wall clock) time (h:mm:ss or m:ss): 0:02.58; Maximum resident set size (kbytes): 857512;
## df after: /dev/sda1       450G  419G  7,5G  99% /
